PHPUnit 12.5.33 by Sebastian Bergmann and contributors.

Runtime:       PHP 8.5.6
Configuration: /home/andy-kani/pro/sites/packages/laravel-indexer/phpunit.xml

✅ GenericIndexerService initialized
   - Batch size: 50
   - Indexer class: AndyDefer\LaravelIndexer\Services\IndexerService
   - DocumentRepository class: AndyDefer\LaravelIndexer\Repositories\IndexedDocumentRepository
🔍 Indexing model: AndyDefer\LaravelIndexer\Tests\Fixtures\Models\TestDoctor ID: 1
✅ Model should be indexed
🔑 Fingerprint: AndyDefer\LaravelIndexer\Tests\Fixtures\Models\TestDoctor|1
📝 Document does not exist, indexing...
✅ Indexing completed
📊 Counting indexed for: AndyDefer\LaravelIndexer\Tests\Fixtures\Models\TestDoctor (namespace: AndyDefer.LaravelIndexer.Tests.Fixtures.Models.TestDoctor)
   - Count: 0
[41;37mF[0m                                                                   1 / 1 (100%)

Time: 00:00.134, Memory: 46.50 MB

There was 1 failure:

1) AndyDefer\LaravelIndexer\Tests\Integration\Services\GenericIndexerServiceTest::test_index_single_document
Failed asserting that 0 matches expected 1.

/home/andy-kani/pro/sites/packages/laravel-indexer/tests/Integration/Services/GenericIndexerServiceTest.php:121

[37;41mFAILURES![0m
[37;41mTests: 1[0m[37;41m, Assertions: 1[0m[37;41m, Failures: 1[0m[37;41m.[0m
